// Jest Snapshot v1, https://goo.gl/fbAQLP

exports[`rendrers 1`] = `<div />`;
